The SAS System                                 10:09 Wednesday, June 4, 2014   1

The MEANS Procedure

Variable         N        Minimum        Maximum           Mean            Sum
------------------------------------------------------------------------------
FLPDYR     3147655        1993.00        2012.00        2002.82   4.7551806E12
S006       3147655    100.0000000      505710.00      161914.83   3.8442513E14
E10300     3147655              0    914.4847020      0.0056917    13513593.87
SOIYR      3147655        1994.00        2011.00        2002.87   4.7552892E12
c10300     3147655              0    914.4847022      0.0056942    13519504.60
smooth     3147655              0    914.4847022      0.0056948    13520813.59
error      3147655              0     33.4534977    0.000016521       39224.58
skip       3147655     -1.0000000    206.0000000      3.2241933     7655018077
iserr      3147655              0      1.0000000      0.0220914    52450348.26
realerr    3147655              0      1.0000000      0.0085678    20342008.18
------------------------------------------------------------------------------
weighted sum of absolute errors in millions of dollars                         2
                                                   10:09 Wednesday, June 4, 2014

--------------------------------------
|                  |        | error  |
|                  |        |--------|
|                  |   N    |  Sum   |
|------------------+--------+--------|
|skip              |        |        |
|-1                |   75839| 9747.32|
|0                 | 2971833|    0.00|
|101               |      23|    6.29|
|102               |    2180|   92.32|
|103               |      51|   12.79|
|110               |       2|    0.02|
|111               |     732|   81.59|
|113               |    1742|  388.54|
|114               |    3182|  875.19|
|115               |     792|  339.43|
|119               |    3330|  195.94|
|121               |      16|    3.80|
|123               |     340|  151.60|
|125               |     546|   71.11|
|126               |       1|    0.00|
|128               |     212|   15.97|
|129               |      35|   15.74|
|130               |    1002|   82.96|
|131               |    9398| 2415.81|
|133               |     183|   10.16|
|134               |      41|    0.54|
|135               |    1413|  159.85|
|136               |   24352| 8077.98|
|143               |      14|    2.38|
|146               |    1395|  224.28|
|151               |      77|    5.86|
|153               |     444|   25.01|
|154               |       1|    0.02|
|155               |     434|    8.12|
|202               |     441|   32.05|
|203               |    6879| 1300.97|
|204               |   11415| 3447.13|
|205               |   10109| 8776.16|
|206               |   19201| 2657.65|
|All               | 3147655|39224.58|
--------------------------------------
weighted sum of absolute errors in millions of dollars                         3
                                                   10:09 Wednesday, June 4, 2014

-----------------------------------------------
|                  |        | iserr  | error  |
|                  |        |--------+--------|
|                  |   N    |  Sum   |  Sum   |
|------------------+--------+--------+--------|
|FLPDYR            |        |        |        |
|1993              |    2372|  234806|   76.09|
|1994              |   85465| 1185517| 2118.97|
|1995              |   88471| 1356386| 2101.30|
|1996              |   92392| 1531051| 2521.93|
|1997              |   87094| 1966512| 3321.10|
|1998              |  116395| 1114109|  696.93|
|1999              |  121405|  987828|  645.38|
|2000              |  131139| 1054627|  724.70|
|2001              |  138233|17160494| 4113.03|
|2002              |  132831|  916794|  614.39|
|2003              |  137399|17242634|12441.26|
|2004              |  141986| 1031749|  759.93|
|2005              |  219510| 1183513|  930.94|
|2006              |  234736| 1149275|  998.50|
|2007              |  248412|  957136| 1086.17|
|2008              |  324866| 1035728| 1851.61|
|2009              |  293414|  971594| 1656.42|
|2010              |  303684|  674760| 1436.20|
|2011              |  247831|  693791| 1129.63|
|2012              |      20|    2046|    0.12|
|All               | 3147655|52450348|39224.58|
-----------------------------------------------
weighted sum of absolute errors in millions of dollars                         4
                                                   10:09 Wednesday, June 4, 2014

--------------------------------------------------------------------------
|                  |        |                    skip                    |
|                  |        |--------------------------------------------|
|                  |  All   |   -1   |   0    |  101   |  102   |  103   |
|                  |--------+--------+--------+--------+--------+--------|
|                  | error  | error  | error  | error  | error  | error  |
|                  |--------+--------+--------+--------+--------+--------|
|                  |  Sum   |  Sum   |  Sum   |  Sum   |  Sum   |  Sum   |
|------------------+--------+--------+--------+--------+--------+--------|
|FLPDYR            |        |        |        |        |        |        |
|1993              |   76.09|   34.60|    0.00|       .|    0.01|       .|
|1994              | 2118.97|  599.48|    0.00|    1.76|   13.77|       .|
|1995              | 2101.30|  663.55|    0.00|    0.00|   12.13|       .|
|1996              | 2521.93|  817.06|    0.00|    0.00|    4.79|       .|
|1997              | 3321.10|  997.99|    0.00|       .|   10.94|       .|
|1998              |  696.93|  138.19|    0.00|    0.48|    0.73|       .|
|1999              |  645.38|  173.69|    0.00|       .|    2.39|       .|
|2000              |  724.70|  287.18|    0.00|       .|    1.02|       .|
|2001              | 4113.03|  335.03|    0.00|       .|    0.01|       .|
|2002              |  614.39|  254.77|    0.00|    0.98|    1.44|       .|
|2003              |12441.26| 2613.86|    0.00|    0.64|   20.06|       .|
|2004              |  759.93|  333.52|    0.00|    2.42|    1.76|       .|
|2005              |  930.94|  400.52|    0.00|    0.01|    5.83|    2.37|
|2006              |  998.50|  329.47|    0.00|       .|    2.07|    2.72|
|2007              | 1086.17|  285.69|    0.00|       .|    4.06|    0.55|
|2008              | 1851.61|  618.62|    0.00|       .|    4.62|    5.67|
|2009              | 1656.42|  451.25|    0.00|       .|    2.58|    1.48|
|2010              | 1436.20|  245.43|    0.00|       .|    2.02|       .|
|2011              | 1129.63|  167.41|    0.00|       .|    2.08|       .|
|2012              |    0.12|       .|    0.00|       .|       .|       .|
|All               |39224.58| 9747.32|    0.00|    6.29|   92.32|   12.79|
--------------------------------------------------------------------------

(Continued)
weighted sum of absolute errors in millions of dollars                         5
                                                   10:09 Wednesday, June 4, 2014

--------------------------------------------------------------------------
|                  |                        skip                         |
|                  |-----------------------------------------------------|
|                  |  110   |  111   |  113   |  114   |  115   |  119   |
|                  |--------+--------+--------+--------+--------+--------|
|                  | error  | error  | error  | error  | error  | error  |
|                  |--------+--------+--------+--------+--------+--------|
|                  |  Sum   |  Sum   |  Sum   |  Sum   |  Sum   |  Sum   |
|------------------+--------+--------+--------+--------+--------+--------|
|FLPDYR            |        |        |        |        |        |        |
|1993              |       .|       .|       .|    0.40|       .|    0.92|
|1994              |       .|    5.00|       .|   58.81|       .|    8.12|
|1995              |       .|    4.56|       .|  101.29|       .|    6.84|
|1996              |       .|    9.34|       .|   91.96|       .|   10.12|
|1997              |       .|       .|  144.13|   30.80|       .|   10.92|
|1998              |       .|       .|    6.75|    0.00|   41.79|    0.39|
|1999              |       .|    4.21|   31.59|    0.00|    1.87|   10.43|
|2000              |       .|   12.66|   28.42|    0.30|   14.89|    7.63|
|2001              |    0.00|    1.38|   33.02|    1.90|       .|    7.34|
|2002              |       .|    1.75|   40.59|    0.57|       .|    9.26|
|2003              |    0.02|   11.20|   12.73|   11.45|  264.94|    9.85|
|2004              |       .|    1.72|   14.12|   41.59|    1.00|   12.62|
|2005              |       .|    3.29|   14.52|   70.78|       .|   16.75|
|2006              |       .|    5.03|   19.67|   74.70|    1.65|   14.67|
|2007              |       .|    2.79|    5.01|   90.93|    0.26|   20.92|
|2008              |       .|   10.08|   15.00|   96.30|    6.60|   18.67|
|2009              |       .|    1.26|   15.47|   71.15|    4.43|       .|
|2010              |       .|    0.85|    4.05|   63.96|       .|    0.00|
|2011              |       .|    6.46|    3.49|   68.29|    2.00|   30.47|
|2012              |       .|       .|       .|       .|       .|       .|
|All               |    0.02|   81.59|  388.54|  875.19|  339.43|  195.94|
--------------------------------------------------------------------------

(Continued)
weighted sum of absolute errors in millions of dollars                         6
                                                   10:09 Wednesday, June 4, 2014

--------------------------------------------------------------------------
|                  |                        skip                         |
|                  |-----------------------------------------------------|
|                  |  121   |  123   |  125   |  126   |  128   |  129   |
|                  |--------+--------+--------+--------+--------+--------|
|                  | error  | error  | error  | error  | error  | error  |
|                  |--------+--------+--------+--------+--------+--------|
|                  |  Sum   |  Sum   |  Sum   |  Sum   |  Sum   |  Sum   |
|------------------+--------+--------+--------+--------+--------+--------|
|FLPDYR            |        |        |        |        |        |        |
|1993              |       .|    0.20|       .|       .|       .|       .|
|1994              |    0.00|   57.01|       .|       .|       .|       .|
|1995              |    0.70|   33.06|    0.12|       .|       .|       .|
|1996              |    0.14|   11.27|       .|       .|       .|       .|
|1997              |       .|   17.62|    0.02|       .|       .|       .|
|1998              |       .|    9.20|       .|       .|       .|       .|
|1999              |       .|    6.89|       .|       .|       .|       .|
|2000              |    1.89|    0.21|    3.87|       .|       .|    0.53|
|2001              |       .|    0.32|    3.25|    0.00|       .|    2.75|
|2002              |    0.32|    0.03|    9.28|       .|       .|       .|
|2003              |    0.00|    0.50|   19.94|       .|       .|       .|
|2004              |       .|    0.05|   17.92|       .|       .|    0.09|
|2005              |    0.51|       .|   16.18|       .|       .|    2.50|
|2006              |    0.00|   10.92|    0.01|       .|    1.73|    2.12|
|2007              |       .|    0.56|    0.00|       .|    4.00|       .|
|2008              |    0.00|    0.02|    0.02|       .|    2.11|       .|
|2009              |       .|    0.01|    0.51|       .|    3.45|    5.08|
|2010              |       .|    2.31|       .|       .|    4.68|    0.58|
|2011              |    0.22|    1.43|       .|       .|       .|    2.10|
|2012              |       .|       .|       .|       .|       .|       .|
|All               |    3.80|  151.60|   71.11|    0.00|   15.97|   15.74|
--------------------------------------------------------------------------

(Continued)
weighted sum of absolute errors in millions of dollars                         7
                                                   10:09 Wednesday, June 4, 2014

--------------------------------------------------------------------------
|                  |                        skip                         |
|                  |-----------------------------------------------------|
|                  |  130   |  131   |  133   |  134   |  135   |  136   |
|                  |--------+--------+--------+--------+--------+--------|
|                  | error  | error  | error  | error  | error  | error  |
|                  |--------+--------+--------+--------+--------+--------|
|                  |  Sum   |  Sum   |  Sum   |  Sum   |  Sum   |  Sum   |
|------------------+--------+--------+--------+--------+--------+--------|
|FLPDYR            |        |        |        |        |        |        |
|1993              |       .|    4.39|    0.02|       .|    0.11|   19.40|
|1994              |       .|   96.80|    0.12|    0.00|       .| 1046.16|
|1995              |       .|   81.25|    0.05|    0.03|       .| 1169.16|
|1996              |       .|   93.14|    0.24|    0.03|    2.13| 1455.14|
|1997              |       .|   93.88|    1.88|    0.03|   40.38| 1880.56|
|1998              |       .|   74.65|    0.01|    0.00|  113.26|  141.60|
|1999              |       .|  133.99|    0.21|    0.16|    0.00|  112.21|
|2000              |       .|  112.45|    0.22|    0.03|       .|  126.78|
|2001              |       .|  106.43|    0.15|    0.26|       .|  102.43|
|2002              |       .|  111.55|    0.25|       .|    2.04|   89.82|
|2003              |       .|  124.24|    0.24|       .|    0.78|  500.09|
|2004              |       .|   97.44|    0.20|       .|       .|  103.73|
|2005              |       .|  106.49|    0.28|       .|       .|  141.28|
|2006              |       .|  110.61|    0.13|       .|       .|   86.15|
|2007              |       .|  120.67|    0.28|       .|    0.82|  114.48|
|2008              |       .|  227.14|    0.99|       .|       .|  191.45|
|2009              |   38.59|  240.16|    1.18|       .|       .|  299.80|
|2010              |   44.37|  330.39|    3.34|       .|       .|  279.52|
|2011              |       .|  150.14|    0.36|       .|    0.31|  218.22|
|2012              |       .|       .|       .|       .|       .|       .|
|All               |   82.96| 2415.81|   10.16|    0.54|  159.85| 8077.98|
--------------------------------------------------------------------------

(Continued)
weighted sum of absolute errors in millions of dollars                         8
                                                   10:09 Wednesday, June 4, 2014

--------------------------------------------------------------------------
|                  |                        skip                         |
|                  |-----------------------------------------------------|
|                  |  143   |  146   |  151   |  153   |  154   |  155   |
|                  |--------+--------+--------+--------+--------+--------|
|                  | error  | error  | error  | error  | error  | error  |
|                  |--------+--------+--------+--------+--------+--------|
|                  |  Sum   |  Sum   |  Sum   |  Sum   |  Sum   |  Sum   |
|------------------+--------+--------+--------+--------+--------+--------|
|FLPDYR            |        |        |        |        |        |        |
|1993              |       .|       .|       .|       .|       .|       .|
|1994              |    0.00|    2.98|    1.00|    1.24|       .|       .|
|1995              |       .|    1.07|    0.86|    0.16|       .|       .|
|1996              |       .|    4.61|    0.40|    0.01|       .|       .|
|1997              |       .|    8.23|    0.77|       .|       .|       .|
|1998              |       .|    0.55|    0.07|       .|       .|       .|
|1999              |       .|    0.02|       .|       .|       .|       .|
|2000              |       .|    0.37|    0.32|    0.50|       .|       .|
|2001              |       .|    0.46|    0.05|    0.60|       .|       .|
|2002              |       .|    0.24|    0.41|    0.74|       .|       .|
|2003              |       .|    0.79|    1.07|    4.00|       .|       .|
|2004              |       .|    0.03|    0.57|    2.87|       .|       .|
|2005              |       .|    0.00|    0.08|    1.07|       .|       .|
|2006              |    2.08|    0.32|    0.15|    2.94|    0.02|       .|
|2007              |    0.00|   11.77|    0.02|    3.75|       .|       .|
|2008              |       .|  109.60|    0.05|    1.36|       .|       .|
|2009              |    0.29|   65.01|    0.01|    4.18|       .|       .|
|2010              |       .|   16.92|    0.02|    1.60|       .|       .|
|2011              |       .|    1.31|    0.01|       .|       .|    8.12|
|2012              |       .|       .|       .|       .|       .|       .|
|All               |    2.38|  224.28|    5.86|   25.01|    0.02|    8.12|
--------------------------------------------------------------------------

(Continued)
weighted sum of absolute errors in millions of dollars                         9
                                                   10:09 Wednesday, June 4, 2014

-----------------------------------------------------------------
|                  |                    skip                    |
|                  |--------------------------------------------|
|                  |  202   |  203   |  204   |  205   |  206   |
|                  |--------+--------+--------+--------+--------|
|                  | error  | error  | error  | error  | error  |
|                  |--------+--------+--------+--------+--------|
|                  |  Sum   |  Sum   |  Sum   |  Sum   |  Sum   |
|------------------+--------+--------+--------+--------+--------|
|FLPDYR            |        |        |        |        |        |
|1993              |    2.64|       .|       .|       .|   13.38|
|1994              |    1.72|       .|       .|       .|  225.00|
|1995              |    0.63|       .|       .|       .|   25.84|
|1996              |    0.95|       .|       .|       .|   20.61|
|1997              |    2.84|       .|       .|       .|   80.11|
|1998              |    0.93|   37.48|       .|       .|  130.83|
|1999              |    0.44|   52.62|       .|   23.71|   90.97|
|2000              |    0.64|   50.26|       .|       .|   74.53|
|2001              |    1.78|   40.80| 3447.13|       .|   27.92|
|2002              |    2.09|   19.28|       .|       .|   68.98|
|2003              |    5.15|   17.44|       .| 8752.45|   69.82|
|2004              |    0.32|   57.86|       .|       .|   70.09|
|2005              |    1.94|   93.76|       .|       .|   52.79|
|2006              |    0.55|   86.33|       .|       .|  244.45|
|2007              |    0.50|  136.89|       .|       .|  282.19|
|2008              |    3.15|  213.14|       .|       .|  327.01|
|2009              |    1.77|  126.13|       .|       .|  322.62|
|2010              |    0.80|  151.26|       .|       .|  284.12|
|2011              |    3.17|  217.66|       .|       .|  246.37|
|2012              |    0.06|    0.06|       .|       .|    0.00|
|All               |   32.05| 1300.97| 3447.13| 8776.16| 2657.65|
-----------------------------------------------------------------
weighted sum of absolute errors in millions of dollars                        10
                                                   10:09 Wednesday, June 4, 2014

-------------------------------------------------------------------------
|                  |  E10300  |  c10300  | realerr  |  iserr   |  All   |
|                  |----------+----------+----------+----------+--------|
|                  |   Sum    |   Sum    |   Sum    |   Sum    |   N    |
|------------------+----------+----------+----------+----------+--------|
|FLPDYR            |          |          |          |          |        |
|1993              |      8420|      8488|    232763|    234806|    2372|
|1994              |    505271|    507302|   1142685|   1185517|   85465|
|1995              |    544537|    546488|   1334270|   1356386|   88471|
|1996              |    591687|    594142|   1512813|   1531051|   92392|
|1997              |    640871|    643967|   1934414|   1966512|   87094|
|1998              |    674627|    674772|   1031491|   1114109|  116395|
|1999              |    731882|    732060|    881926|    987828|  121405|
|2000              |    793218|    793566|    983547|   1054627|  131139|
|2001              |    758740|    757083|    658298|  17160494|  138233|
|2002              |    696939|    697125|    868669|    916794|  132831|
|2003              |    654975|    648956|   2971004|  17242634|  137399|
|2004              |    694494|    694819|    974494|   1031749|  141986|
|2005              |    743628|    744179|   1100851|   1183513|  219510|
|2006              |    800317|    800565|   1043645|   1149275|  234736|
|2007              |    868883|    869173|    818961|    957136|  248412|
|2008              |   1066117|   1066763|    897611|   1035728|  324866|
|2009              |    905618|    906089|    850109|    971594|  293414|
|2010              |    986209|    986432|    553774|    674760|  303684|
|2011              |    847157|    847530|    550683|    693791|  247831|
|2012              |         5|         5|         0|      2046|      20|
|All               |  13513594|  13519505|  20342008|  52450348| 3147655|
-------------------------------------------------------------------------

(Continued)
weighted sum of absolute errors in millions of dollars                        11
                                                   10:09 Wednesday, June 4, 2014

--------------------------------------------------------------------------
|                  |                        skip                         |
|                  |-----------------------------------------------------|
|                  |   -1   |   0    |  101   |  102   |  103   |  110   |
|                  |--------+--------+--------+--------+--------+--------|
|                  |   N    |   N    |   N    |   N    |   N    |   N    |
|------------------+--------+--------+--------+--------+--------+--------|
|FLPDYR            |        |        |        |        |        |        |
|1993              |     172|    2090|       .|       3|       .|       .|
|1994              |    3675|   78045|       3|     123|       .|       .|
|1995              |    3696|   80931|       1|     106|       .|       .|
|1996              |    3552|   84208|       1|     102|       .|       .|
|1997              |    4003|   78800|       .|     101|       .|       .|
|1998              |     999|  112802|      11|      56|       .|       .|
|1999              |    1409|  118359|       .|      70|       .|       .|
|2000              |    1464|  127746|       .|      75|       .|       .|
|2001              |    1187|  123481|       .|       1|       .|       1|
|2002              |    1441|  129875|       2|      67|       .|       .|
|2003              |   12260|  111253|       1|     147|       .|       1|
|2004              |    2975|  137101|       2|      90|       .|       .|
|2005              |    3879|  211773|       2|     140|       6|       .|
|2006              |    4013|  223599|       .|     166|      16|       .|
|2007              |    5205|  239206|       .|     202|       3|       .|
|2008              |   10784|  306248|       .|     217|      20|       .|
|2009              |    7511|  279094|       .|     180|       6|       .|
|2010              |    5348|  291161|       .|     174|       .|       .|
|2011              |    2266|  236052|       .|     160|       .|       .|
|2012              |       .|       9|       .|       .|       .|       .|
|All               |   75839| 2971833|      23|    2180|      51|       2|
--------------------------------------------------------------------------

(Continued)
weighted sum of absolute errors in millions of dollars                        12
                                                   10:09 Wednesday, June 4, 2014

--------------------------------------------------------------------------
|                  |                        skip                         |
|                  |-----------------------------------------------------|
|                  |  111   |  113   |  114   |  115   |  119   |  121   |
|                  |--------+--------+--------+--------+--------+--------|
|                  |   N    |   N    |   N    |   N    |   N    |   N    |
|------------------+--------+--------+--------+--------+--------+--------|
|FLPDYR            |        |        |        |        |        |        |
|1993              |       .|       .|      13|       .|       9|       .|
|1994              |      21|       .|     419|       .|     196|       1|
|1995              |      39|       .|     377|       .|     188|       1|
|1996              |      51|       .|     378|       .|     214|       2|
|1997              |       .|     666|      99|       .|     201|       .|
|1998              |       .|      43|       3|      67|      13|       .|
|1999              |      34|      78|       1|       6|     246|       .|
|2000              |      42|     107|      37|      27|     215|       2|
|2001              |       6|      86|      26|       .|     133|       .|
|2002              |       7|     238|      29|       .|     131|       1|
|2003              |     300|      60|      81|     668|     164|       1|
|2004              |      26|      46|     137|       2|     253|       .|
|2005              |      33|      82|     251|       .|     266|       4|
|2006              |      65|      81|     211|       5|     238|       2|
|2007              |      43|      66|     296|       1|     275|       .|
|2008              |      36|      60|     292|       7|     348|       1|
|2009              |       4|      56|     199|       8|       .|       .|
|2010              |       7|      35|     183|       .|       1|       .|
|2011              |      18|      38|     150|       1|     239|       1|
|2012              |       .|       .|       .|       .|       .|       .|
|All               |     732|    1742|    3182|     792|    3330|      16|
--------------------------------------------------------------------------

(Continued)
weighted sum of absolute errors in millions of dollars                        13
                                                   10:09 Wednesday, June 4, 2014

--------------------------------------------------------------------------
|                  |                        skip                         |
|                  |-----------------------------------------------------|
|                  |  123   |  125   |  126   |  128   |  129   |  130   |
|                  |--------+--------+--------+--------+--------+--------|
|                  |   N    |   N    |   N    |   N    |   N    |   N    |
|------------------+--------+--------+--------+--------+--------+--------|
|FLPDYR            |        |        |        |        |        |        |
|1993              |       1|       .|       .|       .|       .|       .|
|1994              |     104|       .|       .|       .|       .|       .|
|1995              |      81|       1|       .|       .|       .|       .|
|1996              |      22|       .|       .|       .|       .|       .|
|1997              |      36|       1|       .|       .|       .|       .|
|1998              |      36|       .|       .|       .|       .|       .|
|1999              |      37|       .|       .|       .|       .|       .|
|2000              |       2|      46|       .|       .|       1|       .|
|2001              |       1|     144|       1|       .|       2|       .|
|2002              |       1|      31|       .|       .|       .|       .|
|2003              |       2|     107|       .|       .|       .|       .|
|2004              |       1|      48|       .|       .|       1|       .|
|2005              |       .|     161|       .|       .|       3|       .|
|2006              |       6|       1|       .|      65|       2|       .|
|2007              |       3|       1|       .|      22|       .|       .|
|2008              |       1|       2|       .|      29|       .|       .|
|2009              |       1|       3|       .|      25|      21|     431|
|2010              |       2|       .|       .|      71|       3|     571|
|2011              |       3|       .|       .|       .|       2|       .|
|2012              |       .|       .|       .|       .|       .|       .|
|All               |     340|     546|       1|     212|      35|    1002|
--------------------------------------------------------------------------

(Continued)
weighted sum of absolute errors in millions of dollars                        14
                                                   10:09 Wednesday, June 4, 2014

--------------------------------------------------------------------------
|                  |                        skip                         |
|                  |-----------------------------------------------------|
|                  |  131   |  133   |  134   |  135   |  136   |  143   |
|                  |--------+--------+--------+--------+--------+--------|
|                  |   N    |   N    |   N    |   N    |   N    |   N    |
|------------------+--------+--------+--------+--------+--------+--------|
|FLPDYR            |        |        |        |        |        |        |
|1993              |       5|       3|       .|       1|      50|       .|
|1994              |     169|       5|       1|       .|    2429|       1|
|1995              |     153|       5|       3|       .|    2551|       .|
|1996              |     127|       9|       5|      18|    2562|       .|
|1997              |     122|       5|       5|      98|    2748|       .|
|1998              |     136|       1|       1|    1290|     484|       .|
|1999              |     283|       6|       9|       1|     386|       .|
|2000              |     331|       9|       6|       .|     457|       .|
|2001              |     333|       3|      11|       .|     344|       .|
|2002              |     472|       2|       .|       1|     244|       .|
|2003              |     535|       6|       .|       1|    1331|       .|
|2004              |     525|      10|       .|       .|     264|       .|
|2005              |     762|       9|       .|       .|     724|       .|
|2006              |     472|       6|       .|       .|     369|       7|
|2007              |     488|       8|       .|       2|     387|       1|
|2008              |    1004|      24|       .|       .|    2811|       .|
|2009              |    1128|      30|       .|       .|    2434|       5|
|2010              |    1552|      34|       .|       .|    2053|       .|
|2011              |     801|       8|       .|       1|    1724|       .|
|2012              |       .|       .|       .|       .|       .|       .|
|All               |    9398|     183|      41|    1413|   24352|      14|
--------------------------------------------------------------------------

(Continued)
weighted sum of absolute errors in millions of dollars                        15
                                                   10:09 Wednesday, June 4, 2014

--------------------------------------------------------------------------
|                  |                        skip                         |
|                  |-----------------------------------------------------|
|                  |  146   |  151   |  153   |  154   |  155   |  202   |
|                  |--------+--------+--------+--------+--------+--------|
|                  |   N    |   N    |   N    |   N    |   N    |   N    |
|------------------+--------+--------+--------+--------+--------+--------|
|FLPDYR            |        |        |        |        |        |        |
|1993              |       .|       .|       .|       .|       .|       4|
|1994              |      14|      11|       7|       .|       .|      23|
|1995              |       7|       3|       4|       .|       .|      31|
|1996              |      22|       3|       2|       .|       .|      28|
|1997              |      26|       5|       .|       .|       .|      24|
|1998              |       4|       4|       .|       .|       .|      26|
|1999              |       1|       .|       .|       .|       .|      18|
|2000              |       6|       3|      25|       .|       .|      21|
|2001              |      11|       2|      19|       .|       .|      23|
|2002              |       4|       2|       5|       .|       .|      15|
|2003              |       6|      20|      41|       .|       .|      13|
|2004              |       3|       1|      20|       .|       .|      20|
|2005              |       2|       3|      21|       .|       .|      19|
|2006              |       8|       4|     182|       1|       .|      15|
|2007              |     135|       2|      38|       .|       .|      12|
|2008              |     549|       5|      34|       .|       .|      43|
|2009              |     466|       4|      17|       .|       .|      41|
|2010              |     121|       3|      29|       .|       .|      26|
|2011              |      10|       2|       .|       .|     434|      31|
|2012              |       .|       .|       .|       .|       .|       8|
|All               |    1395|      77|     444|       1|     434|     441|
--------------------------------------------------------------------------

(Continued)
weighted sum of absolute errors in millions of dollars                        16
                                                   10:09 Wednesday, June 4, 2014

--------------------------------------------------------
|                  |               skip                |
|                  |-----------------------------------|
|                  |  203   |  204   |  205   |  206   |
|                  |--------+--------+--------+--------|
|                  |   N    |   N    |   N    |   N    |
|------------------+--------+--------+--------+--------|
|FLPDYR            |        |        |        |        |
|1993              |       .|       .|       .|      21|
|1994              |       .|       .|       .|     218|
|1995              |       .|       .|       .|     293|
|1996              |       .|       .|       .|    1086|
|1997              |       .|       .|       .|     154|
|1998              |     199|       .|       .|     220|
|1999              |     243|       .|      38|     180|
|2000              |     254|       .|       .|     263|
|2001              |     189|   11415|       .|     814|
|2002              |     150|       .|       .|     113|
|2003              |     178|       .|   10071|     152|
|2004              |     312|       .|       .|     149|
|2005              |     449|       .|       .|     921|
|2006              |     363|       .|       .|    4839|
|2007              |     636|       .|       .|    1380|
|2008              |     970|       .|       .|    1381|
|2009              |     761|       .|       .|     989|
|2010              |     850|       .|       .|    1460|
|2011              |    1324|       .|       .|    4566|
|2012              |       1|       .|       .|       2|
|All               |    6879|   11415|   10109|   19201|
--------------------------------------------------------
Weighted regression                            10:09 Wednesday, June 4, 2014  17

The REG Procedure
Model: MODEL1
Dependent Variable: c10300 

Number of Observations Read     3147655
Number of Observations Used     3147655


Weight: S006 

                             Analysis of Variance
 
                                    Sum of           Mean
Source                   DF        Squares         Square    F Value    Pr > F

Model                     1      974535798      974535798    1.08E10    <.0001
Error                3.15E6         283818        0.09017                     
Corrected Total      3.15E6      974819616                                    


Root MSE              0.30028    R-Square     0.9997
Dependent Mean        0.00569    Adj R-Sq     0.9997
Coeff Var          5273.40036                       


                        Parameter Estimates
 
                     Parameter       Standard
Variable     DF       Estimate          Error    t Value    Pr > |t|

Intercept     1    9.399987E-7    6.186882E-7       1.52      0.1287
E10300        1        1.00027     0.00000962     103961      <.0001
Weighted regression                            10:09 Wednesday, June 4, 2014  18

The REG Procedure
Model: MODEL2
Dependent Variable: smooth 

Number of Observations Read     3147655
Number of Observations Used     3147655


Weight: S006 

                             Analysis of Variance
 
                                    Sum of           Mean
Source                   DF        Squares         Square    F Value    Pr > F

Model                     1      974564902      974564902    9.022E9    <.0001
Error                3.15E6         340006        0.10802                     
Corrected Total      3.15E6      974904908                                    


Root MSE              0.32866    R-Square     0.9997
Dependent Mean        0.00569    Adj R-Sq     0.9997
Coeff Var          5771.27989                       


                        Parameter Estimates
 
                     Parameter       Standard
Variable     DF       Estimate          Error    t Value    Pr > |t|

Intercept     1     0.00000141    6.771662E-7       2.08      0.0378
E10300        1        1.00029     0.00001053    94985.1      <.0001
Unweighted regression                          10:09 Wednesday, June 4, 2014  19

The REG Procedure
Model: MODEL1
Dependent Variable: c10300 

Number of Observations Read     3147655
Number of Observations Used     3147655


                             Analysis of Variance
 
                                    Sum of           Mean
Source                   DF        Squares         Square    F Value    Pr > F

Model                     1        8986921        8986921    1.16E10    <.0001
Error                3.15E6     2432.26197     0.00077272                     
Corrected Total      3.15E6        8989353                                    


Root MSE              0.02780    R-Square     0.9997
Dependent Mean        0.13108    Adj R-Sq     0.9997
Coeff Var            21.20612                       


                        Parameter Estimates
 
                     Parameter       Standard
Variable     DF       Estimate          Error    t Value    Pr > |t|

Intercept     1     0.00014543     0.00001572       9.25      <.0001
E10300        1        1.00021     0.00000927     107843      <.0001
Unweighted regression                          10:09 Wednesday, June 4, 2014  20

The REG Procedure
Model: MODEL2
Dependent Variable: smooth 

Number of Observations Read     3147655
Number of Observations Used     3147655


                             Analysis of Variance
 
                                    Sum of           Mean
Source                   DF        Squares         Square    F Value    Pr > F

Model                     1        8987023        8987023    9.642E9    <.0001
Error                3.15E6     2933.86590     0.00093208                     
Corrected Total      3.15E6        8989957                                    


Root MSE              0.03053    R-Square     0.9997
Dependent Mean        0.13126    Adj R-Sq     0.9997
Coeff Var            23.25961                       


                        Parameter Estimates
 
                     Parameter       Standard
Variable     DF       Estimate          Error    t Value    Pr > |t|

Intercept     1     0.00031793     0.00001726      18.42      <.0001
E10300        1        1.00021     0.00001019    98193.2      <.0001
Exclude some records, unweighted               10:09 Wednesday, June 4, 2014  21

The REG Procedure
Model: MODEL1
Dependent Variable: c10300 

Number of Observations Read     2846833
Number of Observations Used     2846833


                             Analysis of Variance
 
                                    Sum of           Mean
Source                   DF        Squares         Square    F Value    Pr > F

Model                     1        8962810        8962810    1.05E10    <.0001
Error                2.85E6     2419.93983     0.00085005                     
Corrected Total      2.85E6        8965230                                    


Root MSE              0.02916    R-Square     0.9997
Dependent Mean        0.14103    Adj R-Sq     0.9997
Coeff Var            20.67353                       


                        Parameter Estimates
 
                     Parameter       Standard
Variable     DF       Estimate          Error    t Value    Pr > |t|

Intercept     1     0.00015865     0.00001733       9.15      <.0001
E10300        1        1.00021     0.00000974     102683      <.0001
Exclude some records, unweighted               10:09 Wednesday, June 4, 2014  22

The REG Procedure
Model: MODEL2
Dependent Variable: smooth 

Number of Observations Read     2846833
Number of Observations Used     2846833


                             Analysis of Variance
 
                                    Sum of           Mean
Source                   DF        Squares         Square    F Value    Pr > F

Model                     1        8962903        8962903    8.748E9    <.0001
Error                2.85E6     2916.77417        0.00102                     
Corrected Total      2.85E6        8965820                                    


Root MSE              0.03201    R-Square     0.9997
Dependent Mean        0.14121    Adj R-Sq     0.9997
Coeff Var            22.66738                       


                        Parameter Estimates
 
                     Parameter       Standard
Variable     DF       Estimate          Error    t Value    Pr > |t|

Intercept     1     0.00034069     0.00001903      17.90      <.0001
E10300        1        1.00022     0.00001069    93530.6      <.0001
